// Jest Snapshot v1, https://goo.gl/fbAQLP

exports[`All games render games 1`] = `undefined`;
