// Jest Snapshot v1, https://goo.gl/fbAQLP

exports[`SignIn render SignIn 1`] = `undefined`;
